{"type":"server-started","port":61991,"host":"127.0.0.1","url_host":"localhost","url":"http://localhost:61991","screen_dir":"/Users/sdawka/Code/biblocal/.superpowers/brainstorm/98672-1780623099/content","state_dir":"/Users/sdawka/Code/biblocal/.superpowers/brainstorm/98672-1780623099/state"}
{"type":"screen-added","file":"/Users/sdawka/Code/biblocal/.superpowers/brainstorm/98672-1780623099/content/01-current-analysis.html"}
{"type":"screen-added","file":"/Users/sdawka/Code/biblocal/.superpowers/brainstorm/98672-1780623099/content/02-direction.html"}
{"type":"screen-added","file":"/Users/sdawka/Code/biblocal/.superpowers/brainstorm/98672-1780623099/content/03-hero-approach.html"}
{"type":"screen-added","file":"/Users/sdawka/Code/biblocal/.superpowers/brainstorm/98672-1780623099/content/04-section-structure.html"}
{"type":"screen-added","file":"/Users/sdawka/Code/biblocal/.superpowers/brainstorm/98672-1780623099/content/05-cta-placement.html"}
{"type":"screen-added","file":"/Users/sdawka/Code/biblocal/.superpowers/brainstorm/98672-1780623099/content/06-hero-copy.html"}
{"type":"screen-added","file":"/Users/sdawka/Code/biblocal/.superpowers/brainstorm/98672-1780623099/content/07-section-headlines.html"}
{"type":"screen-added","file":"/Users/sdawka/Code/biblocal/.superpowers/brainstorm/98672-1780623099/content/08-which-tagline.html"}
{"source":"user-event","type":"click","text":"B\n    \n      The Main Headline\n      \"The right book finds you. So do the right people.\" — the poetic centerpiece","choice":"headline","id":null,"timestamp":1780624261679}
{"source":"user-event","type":"click","text":"B\n    \n      The Main Headline\n      \"The right book finds you. So do the right people.\" — the poetic centerpiece","choice":"headline","id":null,"timestamp":1780624262609}
{"type":"screen-added","file":"/Users/sdawka/Code/biblocal/.superpowers/brainstorm/98672-1780623099/content/09-hero-complete.html"}
{"type":"screen-added","file":"/Users/sdawka/Code/biblocal/.superpowers/brainstorm/98672-1780623099/content/10-design-summary.html"}
{"type":"screen-added","file":"/Users/sdawka/Code/biblocal/.superpowers/brainstorm/98672-1780623099/content/11-design-summary-v2.html"}
{"type":"screen-added","file":"/Users/sdawka/Code/biblocal/.superpowers/brainstorm/98672-1780623099/content/12-decentralized-library.html"}
{"type":"screen-added","file":"/Users/sdawka/Code/biblocal/.superpowers/brainstorm/98672-1780623099/content/13-design-summary-final.html"}
{"type":"screen-added","file":"/Users/sdawka/Code/biblocal/.superpowers/brainstorm/98672-1780623099/content/14-visual-motion.html"}
{"type":"screen-added","file":"/Users/sdawka/Code/biblocal/.superpowers/brainstorm/98672-1780623099/content/15-visual-proposals.html"}
{"type":"screen-added","file":"/Users/sdawka/Code/biblocal/.superpowers/brainstorm/98672-1780623099/content/waiting.html"}
{"type":"server-stopped","reason":"idle timeout"}
